Copyright 1986-2022 Xilinx, Inc. All Rights Reserved. Copyright 2022-2023 Advanced Micro Devices, Inc. All Rights Reserved.
----------------------------------------------------------------------------------------------------------------------------------------------------------------------------------
| Tool Version : Vivado v.2023.2 (lin64) Build 4029153 Fri Oct 13 20:13:54 MDT 2023
| Date         : Wed Nov 19 15:20:21 2025
| Host         : pc175.fpga-test.octfpga-pg0.cloudlab.umass.edu running 64-bit Ubuntu 22.04.2 LTS
| Command      : report_accelerator_utilization -kernels { edge_detect:level0_i/ulp/edge_detect_1/inst:edge_detect_1} -file kernel_util_routed.rpt -name kernel_util_routed -json
| Design       : level0_wrapper
| Device       : xcu280
| Design State : Routed
----------------------------------------------------------------------------------------------------------------------------------------------------------------------------------

Accelerator Utilization Design Information

Table of Contents
-----------------
1. System Utilization

1. System Utilization
---------------------

+---------------------+-------------------+------------------+-------------------+----------------+---------------+----------------+
| Name                | LUT               | LUTAsMem         | REG               | BRAM           | URAM          | DSP            |
+---------------------+-------------------+------------------+-------------------+----------------+---------------+----------------+
| Platform            |  121140 [  9.29%] |   8446 [  1.41%] |  164528 [  6.31%] |  197 [  9.77%] |   0 [  0.00%] |    4 [  0.04%] |
| User Budget         | 1182540 [100.00%] | 592514 [100.00%] | 2442832 [100.00%] | 1819 [100.00%] | 960 [100.00%] | 9020 [100.00%] |
|    Used Resources   |    7134 [  0.60%] |    414 [  0.07%] |    5758 [  0.24%] |  657 [ 36.12%] |   0 [  0.00%] |   32 [  0.35%] |
|    Unused Resources | 1175406 [ 99.40%] | 592100 [ 99.93%] | 2437074 [ 99.76%] | 1162 [ 63.88%] | 960 [100.00%] | 8988 [ 99.65%] |
| edge_detect         |    7134 [  0.60%] |    414 [  0.07%] |    5758 [  0.24%] |  657 [ 36.12%] |   0 [  0.00%] |   32 [  0.35%] |
|    edge_detect_1    |    7134 [  0.60%] |    414 [  0.07%] |    5758 [  0.24%] |  657 [ 36.12%] |   0 [  0.00%] |   32 [  0.35%] |
+---------------------+-------------------+------------------+-------------------+----------------+---------------+----------------+


